// Jest Snapshot v1, https://goo.gl/fbAQLP

exports[`PureNotebookMenu snapshots renders the default 1`] = `
<ul
  className="bp3-menu"
  style={
    Object {
      "background": "var(--theme-app-bg)",
      "borderBottom": "1px solid var(--theme-app-border)",
      "color": "var(--theme-app-fg)",
      "display": "inline-flex",
      "position": "sticky",
      "top": 0,
      "width": "100%",
      "zIndex": 19,
    }
  }
>
  <li
    className="bp3-submenu"
  >
    <span
      className="bp3-popover-wrapper"
    >
      <span
        className="bp3-popover-target"
        onClick={[Function]}
      >
        <a
          className="bp3-menu-item"
        >
          <div
            className="bp3-text-overflow-ellipsis bp3-fill"
          >
            File
          </div>
          <span
            className="bp3-icon bp3-icon-caret-right"
            icon="caret-right"
          >
            <svg
              data-icon="caret-right"
              height={16}
              viewBox="0 0 16 16"
              width={16}
            >
              <desc>
                caret-right
              </desc>
              <path
                d="M11 8c0-.15-.07-.28-.17-.37l-4-3.5A.495.495 0 006 4.5v7a.495.495 0 00.83.37l4-3.5c.1-.09.17-.22.17-.37z"
                fillRule="evenodd"
              />
            </svg>
          </span>
        </a>
      </span>
    </span>
  </li>
  <li
    className="bp3-submenu"
  >
    <span
      className="bp3-popover-wrapper"
    >
      <span
        className="bp3-popover-target"
        onClick={[Function]}
      >
        <a
          className="bp3-menu-item"
        >
          <div
            className="bp3-text-overflow-ellipsis bp3-fill"
          >
            Edit
          </div>
          <span
            className="bp3-icon bp3-icon-caret-right"
            icon="caret-right"
          >
            <svg
              data-icon="caret-right"
              height={16}
              viewBox="0 0 16 16"
              width={16}
            >
              <desc>
                caret-right
              </desc>
              <path
                d="M11 8c0-.15-.07-.28-.17-.37l-4-3.5A.495.495 0 006 4.5v7a.495.495 0 00.83.37l4-3.5c.1-.09.17-.22.17-.37z"
                fillRule="evenodd"
              />
            </svg>
          </span>
        </a>
      </span>
    </span>
  </li>
  <li
    className="bp3-submenu"
  >
    <span
      className="bp3-popover-wrapper"
    >
      <span
        className="bp3-popover-target"
        onClick={[Function]}
      >
        <a
          className="bp3-menu-item"
        >
          <div
            className="bp3-text-overflow-ellipsis bp3-fill"
          >
            View
          </div>
          <span
            className="bp3-icon bp3-icon-caret-right"
            icon="caret-right"
          >
            <svg
              data-icon="caret-right"
              height={16}
              viewBox="0 0 16 16"
              width={16}
            >
              <desc>
                caret-right
              </desc>
              <path
                d="M11 8c0-.15-.07-.28-.17-.37l-4-3.5A.495.495 0 006 4.5v7a.495.495 0 00.83.37l4-3.5c.1-.09.17-.22.17-.37z"
                fillRule="evenodd"
              />
            </svg>
          </span>
        </a>
      </span>
    </span>
  </li>
  <li
    className="bp3-submenu"
  >
    <span
      className="bp3-popover-wrapper"
    >
      <span
        className="bp3-popover-target"
        onClick={[Function]}
      >
        <a
          className="bp3-menu-item"
        >
          <div
            className="bp3-text-overflow-ellipsis bp3-fill"
          >
            Cell
          </div>
          <span
            className="bp3-icon bp3-icon-caret-right"
            icon="caret-right"
          >
            <svg
              data-icon="caret-right"
              height={16}
              viewBox="0 0 16 16"
              width={16}
            >
              <desc>
                caret-right
              </desc>
              <path
                d="M11 8c0-.15-.07-.28-.17-.37l-4-3.5A.495.495 0 006 4.5v7a.495.495 0 00.83.37l4-3.5c.1-.09.17-.22.17-.37z"
                fillRule="evenodd"
              />
            </svg>
          </span>
        </a>
      </span>
    </span>
  </li>
  <li
    className="bp3-submenu"
  >
    <span
      className="bp3-popover-wrapper"
    >
      <span
        className="bp3-popover-target"
        onClick={[Function]}
      >
        <a
          className="bp3-menu-item"
        >
          <div
            className="bp3-text-overflow-ellipsis bp3-fill"
          >
            Runtime
          </div>
          <span
            className="bp3-icon bp3-icon-caret-right"
            icon="caret-right"
          >
            <svg
              data-icon="caret-right"
              height={16}
              viewBox="0 0 16 16"
              width={16}
            >
              <desc>
                caret-right
              </desc>
              <path
                d="M11 8c0-.15-.07-.28-.17-.37l-4-3.5A.495.495 0 006 4.5v7a.495.495 0 00.83.37l4-3.5c.1-.09.17-.22.17-.37z"
                fillRule="evenodd"
              />
            </svg>
          </span>
        </a>
      </span>
    </span>
  </li>
  <li
    className="bp3-submenu"
  >
    <span
      className="bp3-popover-wrapper"
    >
      <span
        className="bp3-popover-target"
        onClick={[Function]}
      >
        <a
          className="bp3-menu-item"
        >
          <div
            className="bp3-text-overflow-ellipsis bp3-fill"
          >
            Help
          </div>
          <span
            className="bp3-icon bp3-icon-caret-right"
            icon="caret-right"
          >
            <svg
              data-icon="caret-right"
              height={16}
              viewBox="0 0 16 16"
              width={16}
            >
              <desc>
                caret-right
              </desc>
              <path
                d="M11 8c0-.15-.07-.28-.17-.37l-4-3.5A.495.495 0 006 4.5v7a.495.495 0 00.83.37l4-3.5c.1-.09.17-.22.17-.37z"
                fillRule="evenodd"
              />
            </svg>
          </span>
        </a>
      </span>
    </span>
  </li>
</ul>
`;
